Done processing /home/cr67/G4MICE/MAUS/maus_rogers/tests/style/cpplint_test/should_pass.hh
/home/cr67/G4MICE/MAUS/maus_rogers/tests/style/cpplint_test/force_fail_2.cc:17:  Line ends in whitespace.  Consider deleting these extra spaces.  [whitespace/end_of_line] [4]
/home/cr67/G4MICE/MAUS/maus_rogers/tests/style/cpplint_test/force_fail_2.cc:17:  Lines should very rarely be longer than 100 characters  [whitespace/line_length] [4]
/home/cr67/G4MICE/MAUS/maus_rogers/tests/style/cpplint_test/force_fail_2.cc:19:  Should have a space between // and comment  [whitespace/comments] [4]
Done processing /home/cr67/G4MICE/MAUS/maus_rogers/tests/style/cpplint_test/force_fail_2.cc
/home/cr67/G4MICE/MAUS/maus_rogers/tests/style/cpplint_test/force_fail.cc:17:  Line ends in whitespace.  Consider deleting these extra spaces.  [whitespace/end_of_line] [4]
/home/cr67/G4MICE/MAUS/maus_rogers/tests/style/cpplint_test/force_fail.cc:17:  Lines should very rarely be longer than 100 characters  [whitespace/line_length] [4]
/home/cr67/G4MICE/MAUS/maus_rogers/tests/style/cpplint_test/force_fail.cc:19:  Should have a space between // and comment  [whitespace/comments] [4]
/home/cr67/G4MICE/MAUS/maus_rogers/tests/style/cpplint_test/force_fail.cc:20:  Should have a space between // and comment  [whitespace/comments] [4]
Done processing /home/cr67/G4MICE/MAUS/maus_rogers/tests/style/cpplint_test/force_fail.cc
Done processing /home/cr67/G4MICE/MAUS/maus_rogers/tests/style/cpplint_test/should_pass.cc
/home/cr67/G4MICE/MAUS/maus_rogers/tests/style/cpplint_test/cpplint_test_exclude_dir/force_fail.cc:17:  Line ends in whitespace.  Consider deleting these extra spaces.  [whitespace/end_of_line] [4]
/home/cr67/G4MICE/MAUS/maus_rogers/tests/style/cpplint_test/cpplint_test_exclude_dir/force_fail.cc:17:  Lines should very rarely be longer than 100 characters  [whitespace/line_length] [4]
Done processing /home/cr67/G4MICE/MAUS/maus_rogers/tests/style/cpplint_test/cpplint_test_exclude_dir/force_fail.cc
